[2025-10-11 01:01:01] PROGRESS: loaded BAO cov
[2025-10-11 01:01:02] PROGRESS: loaded SN cov from data/pantheon_plus/SN_DUMMY_BAOONLY.spd.csv
[2025-10-11 01:01:02] PROGRESS: DEBUG BAO median y_data=18.977 → assume_per_rd=True
[2025-10-11 01:01:02] PROGRESS: DEBUG BAO basis=abs(/rd or Mpc) med(data)=18.977  med(fid_abs)=18.451  sigma_used=cov
[2025-10-11 01:01:02] PROGRESS: DEBUG BAO cov stats: median(sd)=0.3843 min(sd)=0.17 max(sd)=0.95
[2025-10-11 01:01:02] PROGRESS: DEBUG fit_params=['A', 'phi', 'gamma']
[2025-10-11 01:01:02] PROGRESS: DEBUG Ok_bounds=(0.0, 0.0)
[2025-10-11 01:01:02] PROGRESS: DEBUG fit_params=['A', 'phi', 'gamma']
[2025-10-11 01:01:02] PROGRESS: DEBUG Ok_bounds=(0.0, 0.0)
[2025-10-11 01:01:02] PROGRESS: DEBUG k_params=3
[2025-10-11 01:01:07] PROGRESS: DEBUG chi2@init=28.280
[2025-10-11 01:01:07] PROGRESS: DEBUG k_params=3
[2025-10-11 01:01:12] PROGRESS: DEBUG chi2@init=28.280
[2025-10-11 01:01:12] PROGRESS: starting optimizer
[2025-10-11 01:03:28] PROGRESS: eval 25: chi2=28.272
[2025-10-11 01:05:49] PROGRESS: eval 50: chi2=28.238
[2025-10-11 01:08:11] PROGRESS: eval 75: chi2=28.224
[2025-10-11 01:10:33] PROGRESS: eval 100: chi2=28.221
[2025-10-11 01:12:58] PROGRESS: eval 125: chi2=28.220
[2025-10-11 01:15:35] PROGRESS: eval 25: chi2=28.733
[2025-10-11 01:17:55] PROGRESS: eval 50: chi2=28.733
[2025-10-11 01:20:17] PROGRESS: eval 75: chi2=28.733
[2025-10-11 01:22:39] PROGRESS: eval 100: chi2=28.733
[2025-10-11 01:25:00] PROGRESS: eval 125: chi2=28.733
[2025-10-11 01:27:20] PROGRESS: eval 150: chi2=28.733
[2025-10-11 01:31:18] PROGRESS: eval 25: chi2=28.237
[2025-10-11 01:33:39] PROGRESS: eval 50: chi2=28.230
[2025-10-11 01:35:59] PROGRESS: eval 75: chi2=28.220
[2025-10-11 01:38:19] PROGRESS: eval 100: chi2=28.220
{
  "best_params": {
    "H0": 70.0,
    "Om": 0.3,
    "Or": 0.0,
    "Ok": 0.0,
    "rd": 147.1,
    "A": 0.1389000073525672,
    "f": 0.58,
    "phi": 2.0159634169053238,
    "gamma": 0.0
  },
  "fit_params": [
    "A",
    "phi",
    "gamma"
  ],
  "chi2": 28.2200762585203,
  "ndof": 1710,
  "success": true,
  "message": "CONVERGENCE: RELATIVE REDUCTION OF F <= FACTR*EPSMCH",
  "restarts": 3,
  "breakdown": {
    "chi2_bao": 28.220076257755043,
    "chi2_sn": 7.652596494863551e-10
  },
  "ic": {
    "k_params": 3,
    "n_points": 1713,
    "chi2_data": 28.2200762585203,
    "AIC_data": 34.2200762585203,
    "BIC_data": 50.55808075349266,
    "AICc_data": 34.234119558695845
  }
}
[saved] outputs/bao_only_profile_f_0.58.json
