usage: joint_fit_resonant_anchors.py [-h] --sn-csv SN_CSV --sn-cov SN_COV
                                     [--sn-cov-kind {cov,prec,auto}]
                                     [--sn-scale SN_SCALE] [--bao-csv BAO_CSV]
                                     [--bao-cov BAO_COV]
                                     [--bao-kind {dm_over_rd,dm}]
                                     [--fid-H0 H0] [--fid-Om OM] [--fid-rd RD]
                                     [--A A] [--f F] [--phi PHI]
                                     [--gamma GAMMA] [--anchor-eps ANCHOR_EPS]
                                     [--anchor-zR ANCHOR_ZR] [--dmu DMU]
                                     [--A-bounds A_BOUNDS]
                                     [--f-bounds F_BOUNDS]
                                     [--phi-bounds PHI_BOUNDS]
                                     [--gamma-bounds GAMMA_BOUNDS]
                                     [--Om-bounds OM_BOUNDS]
                                     [--rd-bounds RD_BOUNDS]
                                     [--anchor-eps-bounds ANCHOR_EPS_BOUNDS]
                                     [--dmu-bounds DMU_BOUNDS] [--free-Om]
                                     [--free-rd] [--free-anchor] [--free-dmu]
                                     [--prior-A-sigma PRIOR_A_SIGMA]
                                     [--verbose-every VERBOSE_EVERY]
                                     [--maxiter MAXITER] [--bg-nz BG_NZ]
                                     [--out OUT]
joint_fit_resonant_anchors.py: error: unrecognized arguments: --bounds-A 0.0,0.0
