[2025-10-06 19:29:42] PROGRESS: loaded BAO cov
Traceback (most recent call last):
  File "/home/thefantasticmissmal/sn_bao_joint_alpha_clean.py", line 64, in load_cov_matrix
    df = pd.read_csv(path, header=None)
         ^^^^^^^^^^^^^^^^^^^^^^^^^^^^^^
  File "/home/thefantasticmissmal/resonant-medium-project/.venv/lib/python3.11/site-packages/pandas/io/parsers/readers.py", line 1026, in read_csv
    return _read(filepath_or_buffer, kwds)
           ^^^^^^^^^^^^^^^^^^^^^^^^^^^^^^^
  File "/home/thefantasticmissmal/resonant-medium-project/.venv/lib/python3.11/site-packages/pandas/io/parsers/readers.py", line 620, in _read
    parser = TextFileReader(filepath_or_buffer, **kwds)
             ^^^^^^^^^^^^^^^^^^^^^^^^^^^^^^^^^^^^^^^^^^
  File "/home/thefantasticmissmal/resonant-medium-project/.venv/lib/python3.11/site-packages/pandas/io/parsers/readers.py", line 1620, in __init__
    self._engine = self._make_engine(f, self.engine)
                   ^^^^^^^^^^^^^^^^^^^^^^^^^^^^^^^^^
  File "/home/thefantasticmissmal/resonant-medium-project/.venv/lib/python3.11/site-packages/pandas/io/parsers/readers.py", line 1898, in _make_engine
    return mapping[engine](f, **self.options)
           ^^^^^^^^^^^^^^^^^^^^^^^^^^^^^^^^^^
  File "/home/thefantasticmissmal/resonant-medium-project/.venv/lib/python3.11/site-packages/pandas/io/parsers/c_parser_wrapper.py", line 93, in __init__
    self._reader = parsers.TextReader(src, **kwds)
                   ^^^^^^^^^^^^^^^^^^^^^^^^^^^^^^^
  File "pandas/_libs/parsers.pyx", line 574, in pandas._libs.parsers.TextReader.__cinit__
  File "pandas/_libs/parsers.pyx", line 782, in pandas._libs.parsers.TextReader._get_header
  File "pandas/_libs/parsers.pyx", line 874, in pandas._libs.parsers.TextReader._tokenize_rows
  File "pandas/_libs/parsers.pyx", line 891, in pandas._libs.parsers.TextReader._check_tokenize_status
  File "pandas/_libs/parsers.pyx", line 2053, in pandas._libs.parsers.raise_parser_error
UnicodeDecodeError: 'utf-8' codec can't decode byte 0x93 in position 0: invalid start byte

During handling of the above exception, another exception occurred:

Traceback (most recent call last):
  File "/home/thefantasticmissmal/sn_bao_joint_alpha_clean.py", line 500, in <module>
    main()
  File "/home/thefantasticmissmal/sn_bao_joint_alpha_clean.py", line 317, in main
    C_sn = load_cov_matrix(args.sn_cov) if args.sn_cov else None
           ^^^^^^^^^^^^^^^^^^^^^^^^^^^^
  File "/home/thefantasticmissmal/sn_bao_joint_alpha_clean.py", line 67, in load_cov_matrix
    C = np.loadtxt(path)
        ^^^^^^^^^^^^^^^^
  File "/home/thefantasticmissmal/resonant-medium-project/.venv/lib/python3.11/site-packages/numpy/lib/_npyio_impl.py", line 1397, in loadtxt
    arr = _read(fname, dtype=dtype, comment=comment, delimiter=delimiter,
          ^^^^^^^^^^^^^^^^^^^^^^^^^^^^^^^^^^^^^^^^^^^^^^^^^^^^^^^^^^^^^^^
  File "/home/thefantasticmissmal/resonant-medium-project/.venv/lib/python3.11/site-packages/numpy/lib/_npyio_impl.py", line 1048, in _read
    arr = _load_from_filelike(
          ^^^^^^^^^^^^^^^^^^^^
  File "<frozen codecs>", line 322, in decode
UnicodeDecodeError: 'utf-8' codec can't decode byte 0x93 in position 0: invalid start byte
