
A module that was compiled using NumPy 1.x cannot be run in
NumPy 2.3.3 as it may crash. To support both 1.x and 2.x
versions of NumPy, modules must be compiled with NumPy 2.0.
Some module may need to rebuild instead e.g. with 'pybind11>=2.12'.

If you are a user of the module, the easiest solution will be to
downgrade to 'numpy<2' or try to upgrade the affected module.
We expect that some modules will need time to support NumPy 2.

Traceback (most recent call last):  File "/home/thefantasticmissmal/sn_bao_joint_alpha_clean.py", line 7, in <module>
    import pandas as pd
  File "/home/thefantasticmissmal/resonant-medium-project/.venv/lib/python3.11/site-packages/pandas/__init__.py", line 49, in <module>
    from pandas.core.api import (
  File "/home/thefantasticmissmal/resonant-medium-project/.venv/lib/python3.11/site-packages/pandas/core/api.py", line 28, in <module>
    from pandas.core.arrays import Categorical
  File "/home/thefantasticmissmal/resonant-medium-project/.venv/lib/python3.11/site-packages/pandas/core/arrays/__init__.py", line 1, in <module>
    from pandas.core.arrays.arrow import ArrowExtensionArray
  File "/home/thefantasticmissmal/resonant-medium-project/.venv/lib/python3.11/site-packages/pandas/core/arrays/arrow/__init__.py", line 5, in <module>
    from pandas.core.arrays.arrow.array import ArrowExtensionArray
  File "/home/thefantasticmissmal/resonant-medium-project/.venv/lib/python3.11/site-packages/pandas/core/arrays/arrow/array.py", line 67, in <module>
    from pandas.core.arrays.masked import BaseMaskedArray
  File "/home/thefantasticmissmal/resonant-medium-project/.venv/lib/python3.11/site-packages/pandas/core/arrays/masked.py", line 61, in <module>
    from pandas.core import (
  File "/home/thefantasticmissmal/resonant-medium-project/.venv/lib/python3.11/site-packages/pandas/core/nanops.py", line 52, in <module>
    bn = import_optional_dependency("bottleneck", errors="warn")
  File "/home/thefantasticmissmal/resonant-medium-project/.venv/lib/python3.11/site-packages/pandas/compat/_optional.py", line 135, in import_optional_dependency
    module = importlib.import_module(name)
  File "/usr/lib/python3.11/importlib/__init__.py", line 126, in import_module
    return _bootstrap._gcd_import(name[level:], package, level)
  File "/home/thefantasticmissmal/resonant-medium-project/.venv/lib/python3.11/site-packages/bottleneck/__init__.py", line 7, in <module>
    from .move import (move_argmax, move_argmin, move_max, move_mean, move_median,
AttributeError: _ARRAY_API not found
[2025-10-06 19:28:04] PROGRESS: loaded BAO cov
[2025-10-06 19:28:06] PROGRESS: loaded SN cov from /home/thefantasticmissmal/resonant-medium-project/data/pantheon_plus/Pantheon+SH0ES_STAT+SYS.spd.csv
[2025-10-06 19:28:06] PROGRESS: DEBUG BAO median y_data=18.977 → assume_per_rd=True
[2025-10-06 19:28:06] PROGRESS: DEBUG BAO basis=abs(/rd or Mpc) med(data)=18.977  med(fid_abs)=18.451  sigma_used=cov
[2025-10-06 19:28:06] PROGRESS: DEBUG BAO cov stats: median(sd)=0.3843 min(sd)=0.17 max(sd)=0.95
[2025-10-06 19:28:06] PROGRESS: DEBUG fit_params=[]
[2025-10-06 19:28:06] PROGRESS: DEBUG Ok_bounds=(0.0, 0.0)
{
  "best_params": {
    "H0": 70.0,
    "Om": 0.3,
    "Or": 0.0,
    "Ok": 0.0,
    "rd": 147.1,
    "A": 0.0,
    "f": 1.0,
    "phi": 0.0,
    "gamma": 0.0
  },
  "fit_params": [],
  "chi2": 302395063.56322455,
  "ndof": 1713,
  "success": true,
  "message": "Baseline (no free parameters).",
  "restarts": 0,
  "breakdown": {
    "chi2_bao": 46.841008067477176,
    "chi2_sn": 302395016.7222165
  },
  "ic": {
    "k_params": 0,
    "n_points": 1713,
    "chi2_data": 302395063.56322455,
    "AIC_data": 302395063.56322455,
    "BIC_data": 302395063.56322455,
    "AICc_data": 302395063.56322455
  }
}
[saved] /home/thefantasticmissmal/resonant-medium-project/outputs/joint_RESN_rd_fixed.json
