[2025-10-11 03:20:32] PROGRESS: loaded BAO cov
[2025-10-11 03:20:33] PROGRESS: loaded SN cov from data/pantheon_plus/Pantheon+SH0ES_DIAG.spd.csv
[2025-10-11 03:20:33] PROGRESS: DEBUG BAO median y_data=18.977 → assume_per_rd=True
[2025-10-11 03:20:33] PROGRESS: DEBUG BAO basis=abs(/rd or Mpc) med(data)=18.977  med(fid_abs)=18.451  sigma_used=cov
[2025-10-11 03:20:33] PROGRESS: DEBUG BAO cov stats: median(sd)=0.3843 min(sd)=0.17 max(sd)=0.95
[2025-10-11 03:20:33] PROGRESS: DEBUG fit_params=['A', 'f', 'phi', 'gamma']
[2025-10-11 03:20:33] PROGRESS: DEBUG Ok_bounds=(0.0, 0.0)
[2025-10-11 03:20:33] PROGRESS: DEBUG fit_params=['A', 'f', 'phi', 'gamma']
[2025-10-11 03:20:33] PROGRESS: DEBUG Ok_bounds=(0.0, 0.0)
[2025-10-11 03:20:33] PROGRESS: DEBUG k_params=4
[2025-10-11 03:20:38] PROGRESS: DEBUG chi2@init=784.622
[2025-10-11 03:20:38] PROGRESS: DEBUG k_params=4
[2025-10-11 03:20:44] PROGRESS: DEBUG chi2@init=784.622
[2025-10-11 03:20:44] PROGRESS: starting optimizer
[2025-10-11 03:22:59] PROGRESS: eval 25: chi2=784.737
[2025-10-11 03:25:19] PROGRESS: eval 50: chi2=784.638
[2025-10-11 03:29:01] PROGRESS: eval 25: chi2=793.567
[2025-10-11 03:31:21] PROGRESS: eval 50: chi2=790.240
[2025-10-11 03:33:42] PROGRESS: eval 75: chi2=788.836
[2025-10-11 03:36:02] PROGRESS: eval 100: chi2=785.173
[2025-10-11 03:38:23] PROGRESS: eval 125: chi2=784.629
[2025-10-11 03:40:43] PROGRESS: eval 150: chi2=784.623
[2025-10-11 03:44:52] PROGRESS: eval 25: chi2=786.325
[2025-10-11 03:47:13] PROGRESS: eval 50: chi2=784.632
[2025-10-11 03:49:33] PROGRESS: eval 75: chi2=784.622
{
  "best_params": {
    "H0": 70.0,
    "Om": 0.3,
    "Or": 0.0,
    "Ok": 0.0,
    "rd": 147.1,
    "A": 0.2301716310500623,
    "f": 3.2613988323109333,
    "phi": 1.0108233987217792,
    "gamma": 0.0
  },
  "fit_params": [
    "A",
    "f",
    "phi",
    "gamma"
  ],
  "chi2": 784.6223437232499,
  "ndof": 1709,
  "success": true,
  "message": "CONVERGENCE: RELATIVE REDUCTION OF F <= FACTR*EPSMCH",
  "restarts": 3,
  "breakdown": {
    "chi2_bao": 32.26724114824316,
    "chi2_sn": 752.0239839516303
  },
  "ic": {
    "k_params": 4,
    "n_points": 1713,
    "chi2_data": 784.6223437232499,
    "AIC_data": 792.6223437232499,
    "BIC_data": 814.4063497165463,
    "AICc_data": 792.6457629269969
  }
}
[saved] outputs/joint_RESONANT_refine326.json
