[2025-10-11 17:50:13] PROGRESS: loaded BAO cov
[2025-10-11 17:50:14] PROGRESS: loaded SN cov from /home/thefantasticmissmal/resonant-medium-project/data/pantheon_plus/Pantheon+SH0ES_DIAG.spd.csv
[2025-10-11 17:50:14] PROGRESS: DEBUG BAO median y_data=18.977 → assume_per_rd=True
[2025-10-11 17:50:14] PROGRESS: DEBUG BAO basis=abs(/rd or Mpc) med(data)=18.977  med(fid_abs)=18.451  sigma_used=cov
[2025-10-11 17:50:14] PROGRESS: DEBUG BAO cov stats: median(sd)=0.3843 min(sd)=0.17 max(sd)=0.95
[2025-10-11 17:50:14] PROGRESS: DEBUG fit_params=[]
[2025-10-11 17:50:14] PROGRESS: DEBUG Ok_bounds=(0.0, 0.0)
{
  "best_params": {
    "H0": 70.0,
    "Om": 0.3,
    "Or": 0.0,
    "Ok": 0.0,
    "rd": 147.1,
    "A": 0.0,
    "f": 1.0,
    "phi": 0.0,
    "gamma": 0.0
  },
  "fit_params": [],
  "chi2": 800.0634674984786,
  "ndof": 1713,
  "success": true,
  "message": "Baseline (no free parameters).",
  "restarts": 0,
  "breakdown": {
    "chi2_bao": 46.841008067477176,
    "chi2_sn": 753.2224594310014
  },
  "ic": {
    "k_params": 0,
    "n_points": 1713,
    "chi2_data": 800.0634674984786,
    "AIC_data": 800.0634674984786,
    "BIC_data": 800.0634674984786,
    "AICc_data": 800.0634674984786
  }
}
[saved] /home/thefantasticmissmal/resonant-medium-project/outputs/joint_RESN_rd_fixed.v1.json
CMD: /home/thefantasticmissmal/resonant-medium-project/.venv/bin/python3 -u /home/thefantasticmissmal/sn_bao_joint_alpha_clean.py --bao-csv /home/thefantasticmissmal/resonant-medium-project/data/desi_dr1_bao/bao_measurements_long_interleaved_sigma.csv --bao-cov /home/thefantasticmissmal/resonant-medium-project/data/desi_dr1_bao/bao_covariance_plus_lya.csv --sn-csv /home/thefantasticmissmal/resonant-medium-project/data/pantheon_plus/sn_MATCHED_mu.csv --sn-cov /home/thefantasticmissmal/resonant-medium-project/data/pantheon_plus/Pantheon+SH0ES_DIAG.spd.csv --fid-H0 70.0 --fid-Om 0.3 --fid-rd 147.1 --rd-bounds 147.1,147.1 --prior-A-sigma 0.4 --f-bounds 0.5,2.5 --gamma-bounds 0,1.0 --out /home/thefantasticmissmal/resonant-medium-project/outputs/joint_RESN_rd_fixed.v1.json --fit A,f,phi,gamma

