usage: sn_bao_joint_alpha_clean.py [-h] --bao-csv BAO_CSV [--bao-cov BAO_COV]
                                   --sn-csv SN_CSV [--sn-cov SN_COV]
                                   [--use-alpha-basis] [--fid-H0 FID_H0]
                                   [--fid-Om FID_OM] [--fid-Or FID_OR]
                                   [--fid-Ok FID_OK] [--fid-rd FID_RD]
                                   [--use-beta-prior] [--beta0 BETA0]
                                   [--sig-beta SIG_BETA]
                                   [--prior-A-sigma PRIOR_A_SIGMA]
                                   [--prior-rd-mean PRIOR_RD_MEAN]
                                   [--prior-rd-sigma PRIOR_RD_SIGMA] [--H0 H0]
                                   [--Om OM] [--Or OR] [--Ok OK] [--rd RD]
                                   [--A A] [--f F] [--phi PHI] [--gamma GAMMA]
                                   [--fit [FIT ...]] [--A-bounds A_BOUNDS]
                                   [--f-bounds F_BOUNDS]
                                   [--phi-bounds PHI_BOUNDS]
                                   [--gamma-bounds GAMMA_BOUNDS]
                                   [--H0-bounds H0_BOUNDS]
                                   [--Om-bounds OM_BOUNDS]
                                   [--Ok-bounds OK_BOUNDS]
                                   [--rd-bounds RD_BOUNDS]
                                   [--restarts RESTARTS] [--out OUT]
sn_bao_joint_alpha_clean.py: error: unrecognized arguments: --do-fit
CMD: /home/thefantasticmissmal/resonant-medium-project/.venv/bin/python3 -u /home/thefantasticmissmal/sn_bao_joint_alpha_clean.py --bao-csv /home/thefantasticmissmal/resonant-medium-project/data/desi_dr1_bao/bao_measurements_long_interleaved_sigma.csv --bao-cov /home/thefantasticmissmal/resonant-medium-project/data/desi_dr1_bao/bao_covariance_plus_lya.csv --sn-csv /home/thefantasticmissmal/resonant-medium-project/data/pantheon_plus/sn_MATCHED_mu.csv --sn-cov /home/thefantasticmissmal/resonant-medium-project/data/pantheon_plus/Pantheon+SH0ES_DIAG.spd.csv --fid-H0 70.0 --fid-Om 0.3 --fid-rd 147.1 --rd-bounds 147.1,147.1 --prior-A-sigma 0.4 --f-bounds 0.5,2.5 --gamma-bounds 0,1.0 --out /home/thefantasticmissmal/resonant-medium-project/outputs/joint_RESN_rd_fixed.v6.json --do-fit

