This is pdfTeX, Version 3.141592653-2.6-1.40.24 (TeX Live 2022/Debian) (preloaded format=pdflatex 2025.11.4)  6 NOV 2025 02:53
entering extended mode
 restricted \write18 enabled.
 %&-line parsing enabled.
**main.tex
(./main.tex
LaTeX2e <2022-11-01> patch level 1
L3 programming layer <2023-01-16>
(/usr/share/texlive/texmf-dist/tex/latex/base/article.cls
Document Class: article 2022/07/02 v1.4n Standard LaTeX document class
(/usr/share/texlive/texmf-dist/tex/latex/base/size11.clo
File: size11.clo 2022/07/02 v1.4n Standard LaTeX file (size option)
)
\c@part=\count185
\c@section=\count186
\c@subsection=\count187
\c@subsubsection=\count188
\c@paragraph=\count189
\c@subparagraph=\count190
\c@figure=\count191
\c@table=\count192
\abovecaptionskip=\skip48
\belowcaptionskip=\skip49
\bibindent=\dimen140
) (./jcappub.sty
Package: jcappub 2025/11/06 shim -> loads jheppub if real jcappub not installed

)

! LaTeX Error: File `jheppub.sty' not found.

Type X to quit or <RETURN> to proceed,
or enter new name. (Default extension: sty)

Enter file name: # copy from Downloads into your work dir (pick the right path)

! Illegal parameter number in definition of \reserved@a.
<to be read again> 
                    
l.3 \usepackage
               [T1]{fontenc}
? cp ~/Downloads/echo_equation_jcap_template_v3.zip .
Type <return> to proceed, S to scroll future error messages,
R to run without stopping, Q to run quietly,
I to insert something, E to edit your file,
1 or ... or 9 to ignore the next 1 to 9 tokens of input,
H for help, X to quit.
? # or:
Type <return> to proceed, S to scroll future error messages,
R to run without stopping, Q to run quietly,
I to insert something, E to edit your file,
1 or ... or 9 to ignore the next 1 to 9 tokens of input,
H for help, X to quit.
? # cp "/mnt/chromeos/MyFiles/Downloads/echo_equation_jcap_template_v3.zip" .
Type <return> to proceed, S to scroll future error messages,
R to run without stopping, Q to run quietly,
I to insert something, E to edit your file,
1 or ... or 9 to ignore the next 1 to 9 tokens of input,
H for help, X to quit.
? 
! Illegal parameter number in definition of \filename@base.
<to be read again> 
                    
l.3 \usepackage
               [T1]{fontenc}
? unzip echo_equation_jcap_template_v3.zip
Type <return> to proceed, S to scroll future error messages,
R to run without stopping, Q to run quietly,
I to insert something, E to edit your file,
1 or ... or 9 to ignore the next 1 to 9 tokens of input,
H for help, X to quit.
? cd echo_equation_jcap_template
Type <return> to proceed, S to scroll future error messages,
R to run without stopping, Q to run quietly,
I to insert something, E to edit your file,
1 or ... or 9 to ignore the next 1 to 9 tokens of input,
H for help, X to quit.
? latexmk -pdf main.tex
Type <return> to proceed, S to scroll future error messages,
R to run without stopping, Q to run quietly,
I to insert something, E to edit your file,
1 or ... or 9 to ignore the next 1 to 9 tokens of input,
H for help, X to quit.
? 
! Illegal parameter number in definition of \reserved@a.
<to be read again> 
                    
l.3 \usepackage
               [T1]{fontenc}
? cp ~/Downloads/echo_equation_jcap_template_v4.zip .
Type <return> to proceed, S to scroll future error messages,
R to run without stopping, Q to run quietly,
I to insert something, E to edit your file,
1 or ... or 9 to ignore the next 1 to 9 tokens of input,
H for help, X to quit.
? unzip echo_equation_jcap_template_v4.zip
Type <return> to proceed, S to scroll future error messages,
R to run without stopping, Q to run quietly,
I to insert something, E to edit your file,
1 or ... or 9 to ignore the next 1 to 9 tokens of input,
H for help, X to quit.
? cd echo_equation_jcap_template_v4
Type <return> to proceed, S to scroll future error messages,
R to run without stopping, Q to run quietly,
I to insert something, E to edit your file,
1 or ... or 9 to ignore the next 1 to 9 tokens of input,
H for help, X to quit.
? latexmk -pdf main.tex
Type <return> to proceed, S to scroll future error messages,
R to run without stopping, Q to run quietly,
I to insert something, E to edit your file,
1 or ... or 9 to ignore the next 1 to 9 tokens of input,
H for help, X to quit.
? 
! Illegal parameter number in definition of \reserved@a.
<to be read again> 
                    
l.3 \usepackage
               [T1]{fontenc}
? 
! Interruption.
\filename@base ->## 
                    copy from Downloads into your work dir (pick the right p...
l.3 \usepackage
               [T1]{fontenc}
? 
! Illegal parameter number in definition of \reserved@a.
<to be read again> 
                    
l.3 \usepackage
               [T1]{fontenc}
? 
! Illegal parameter number in definition of \reserved@a.
<to be read again> 
                    
l.3 \usepackage
               [T1]{fontenc}
? 
! Emergency stop.
<to be read again> 
                    
l.3 \usepackage
               [T1]{fontenc}
End of file on the terminal!

 
Here is how much of TeX's memory you used:
 258 strings out of 476091
 3571 string characters out of 5794081
 1849330 words of memory out of 5000000
 20726 multiletter control sequences out of 15000+600000
 512587 words of font info for 33 fonts, out of 8000000 for 9000
 1141 hyphenation exceptions out of 8191
 36i,0n,46p,154b,36s stack positions out of 10000i,1000n,20000p,200000b,200000s
!  ==> Fatal error occurred, no output PDF file produced!
